Traceback (most recent call last):
  File "/Users/kapilbhattarai/hydroponic_python/src/simulations/communication_bus.py", line 194, in _process_event
    handler(event)
    ~~~~~~~^^^^^^^
  File "/Users/kapilbhattarai/hydroponic_python/src/simulations/communication_bus.py", line 307, in _handle_simulation_step
    self.on_simulation_step(event.data)
    ~~~~~~~~~~~~~~~~~~~~~~~^^^^^^^^^^^^
  File "/Users/kapilbhattarai/hydroponic_python/src/simulations/leaf_development_simulator.py", line 157, in on_simulation_step
    self._execute_leaf_development_step(weather_data)
    ~~~~~~~~~~~~~~~~~~~~~~~~~~~~~~~~~~~^^^^^^^^^^^^^^
  File "/Users/kapilbhattarai/hydroponic_python/src/simulations/leaf_development_simulator.py", line 227, in _execute_leaf_development_step
    raise ValueError("Phenology data missing from phenology_simulator - no defaults allowed")
ValueError: Phenology data missing from phenology_simulator - no defaults allowed
Initializing Distributed Hydroponic Simulation System
Loading parameters from CSV files...
Loaded 31 universal constants from input/constants.csv
Loaded 170 parameters from input/stress.csv (category: stress_parameters)
Loaded 161 parameters from input/roots.csv (category: root_system_parameters)
Loaded 75 parameters from input/genetics.csv (category: genetic_parameters)
Loaded 47 parameters from input/senescence.csv (category: senescence_parameters)
Loaded 33 parameters from input/photo.csv (category: photosynthesis_parameters)
Loaded 56 parameters from input/respiration.csv (category: respiration_parameters)
Loaded 12 parameters from input/allocation.csv (category: allocation_parameters)
Loaded 68 parameters from input/phenology.csv (category: phenology_parameters)
Loading initial state from initials.csv...
Registered simulator: orchestrator
Initializing all simulators...
Registered simulator: photosynthesis_simulator
Photosynthesis simulator initialized with parameters from CSV
Orchestrator: Registered photosynthesis_simulator
Registered simulator: respiration_simulator
Respiration simulator initialized with parameters from CSV
Orchestrator: Registered respiration_simulator
Registered simulator: biomass_allocation_simulator
Biomass allocation simulator initialized with parameters from CSV
Orchestrator: Registered biomass_allocation_simulator
Registered simulator: phenology_simulator
Phenology simulator initialized with parameters from CSV
Orchestrator: Registered phenology_simulator
Registered simulator: stress_models
Stress models simulator initialized with parameters from CSV
Orchestrator: Registered stress_models
Registered simulator: water_uptake_simulator
Water uptake simulator initialized with parameters from CSV
Orchestrator: Registered water_uptake_simulator
Registered simulator: nutrient_models_simulator
Nutrient models simulator initialized with parameters from CSV
Orchestrator: Registered nutrient_models_simulator
Registered simulator: canopy_architecture_simulator
Canopy architecture simulator initialized with parameters from CSV
Orchestrator: Registered canopy_architecture_simulator
Registered simulator: root_system_simulator
Root system simulator initialized with parameters from CSV
Orchestrator: Registered root_system_simulator
Registered simulator: genetic_parameters_simulator
Genetic parameters simulator initialized with parameters from CSV
Orchestrator: Registered genetic_parameters_simulator
Registered simulator: leaf_development_simulator
Leaf development simulator initialized with parameters from CSV
Orchestrator: Registered leaf_development_simulator
Registered simulator: nitrogen_balance_simulator
Nitrogen balance simulator initialized with parameters from CSV
Orchestrator: Registered nitrogen_balance_simulator
Registered simulator: senescence_simulator
Senescence simulator initialized with parameters from CSV
Orchestrator: Registered senescence_simulator
Initialized 13 simulators successfully
Distributed simulation system initialized with 13 simulators
Starting distributed hydroponic simulation...
Loading weather data...
Running simulation for 92 days (up to harvest maturity)
Starting distributed simulation with 13 simulators
Simulation message bus started
Waiting for simulators to publish initial state...
Photosynthesis simulator: Simulation started
Respiration simulator: Simulation started
Biomass allocation simulator: Simulation started
Biomass: Initialized leaf=0.8, stem=0.2, root=0.3
Phenology simulator: Simulation started
Stress models simulator: Simulation started
Stress: Initialized all stress levels from CSV
Water uptake simulator: Simulation started
Nutrient models simulator: Simulation started
Nutrient: Initialized EC=2, pH=6 from CSV
Nutrient: Loaded system_config from CSV - tank_volume=100L, plants=20
Canopy architecture simulator: Simulation started
Root system simulator: Simulation started
Root: Initialized root_biomass=0.3g, root_length=0.05m from CSV
Genetic parameters simulator: Simulation started
Genetic: Initialized growth_rate = 0.5 from CSV
Genetic: Initialized leaf_size = 0.5 from CSV
Genetic: Initialized yield_potential = 0.5 from CSV
Genetic: Initialized disease_resistance = 0.5 from CSV
Genetic: Initialized heat_tolerance = 0.5 from CSV
Genetic: Initialized cold_tolerance = 0.5 from CSV
Genetic: Initialized bolting_tolerance = 0.5 from CSV
Genetic: Initialized chlorophyll_content = 0.5 from CSV
Genetic: Initialized root_development = 0.5 from CSV
Genetic: Initialized plant_architecture = 0.5 from CSV
Leaf development simulator: Simulation started
Nitrogen balance simulator: Simulation started
Senescence simulator: Simulation started
Shared cache: Collected 11 values from photosynthesis_simulator
Shared cache: Collected 11 values from respiration_simulator
Shared cache: Collected 10 values from biomass_allocation_simulator
Shared cache: Collected 17 values from phenology_simulator
Shared cache: Collected 12 values from stress_models
Shared cache: Collected 12 values from water_uptake_simulator
Shared cache: Collected 47 values from nutrient_models_simulator
Shared cache: Collected 14 values from canopy_architecture_simulator
Shared cache: Collected 14 values from root_system_simulator
Shared cache: Collected 53 values from genetic_parameters_simulator
Shared cache: Collected 34 values from leaf_development_simulator
Shared cache: Collected 41 values from nitrogen_balance_simulator
Shared cache: Collected 39 values from senescence_simulator
Initial state published by all simulators
DEBUG Photo step 0: light=1500.69, co2=1200.0, temp=25.2, lai=0.1, water_stress=1.0, sunlit_lai=0.08000000000000002, shaded_lai=0.020000000000000004, leaf_N=2.5
DEBUG Photo step 0: net_assimilation=0.7723044830048673
Biomass: Skipping calculation on first step - waiting for photosynthesis data
Stress: Skipping calculation on first step due to missing dependencies: ['water_uptake_rate', 'transpiration_rate', 'water_availability', 'nitrogen_availability', 'nitrogen_uptake', 'growth_stage', 'development_index']
Water: Skipping calculation on first step due to missing canopy data
Nutrient: Skipping calculation on step 0 due to missing water_uptake data
Canopy: Skipping calculation on step 0 due to missing biomass_allocation data
Warning: Using default total biomass value: 1.0
Warning: Effective surface area 0.0 is below minimum 0.1, using minimum
Warning: Effective surface area 0.0 is below minimum 0.1, using minimum
Warning: Effective surface area 0.0 is below minimum 0.1, using minimum
Warning: Effective surface area 0.0 is below minimum 0.1, using minimum
Warning: Effective surface area 0.0 is below minimum 0.1, using minimum
Warning: Effective surface area 0.0 is below minimum 0.1, using minimum
Warning: Effective surface area 0.0 is below minimum 0.1, using minimum
Warning: Effective surface area 0.0 is below minimum 0.1, using minimum
Genetic: Skipping calculation on step 0 due to missing stress_models data
Error in leaf development calculation: Phenology data missing from phenology_simulator - no defaults allowed
Leaf development simulator error in step 0: Phenology data missing from phenology_simulator - no defaults allowed
Error in event handler: Phenology data missing from phenology_simulator - no defaults allowed
N-Balance: Skipping calculation on step 0 due to missing nutrient_models data
Senescence: Skipping calculation on first step due to missing phenology data
Warning: Effective surface area 0.0 is below minimum 0.1, using minimum
Warning: Effective surface area 0.0 is below minimum 0.1, using minimum
Warning: Effective surface area 0.0 is below minimum 0.1, using minimum
Warning: Effective surface area 0.0 is below minimum 0.1, using minimum
Warning: Effective surface area 0.0 is below minimum 0.1, using minimum
Warning: Effective surface area 0.0 is below minimum 0.1, using minimum
Warning: Effective surface area 0.0 is below minimum 0.1, using minimum
Warning: Effective surface area 0.0 is below minimum 0.1, using minimum
DEBUG Photo step 1: light=1500.69, co2=1200.0, temp=25.2, lai=0.3333333333333334, water_stress=0.9895905598063834, sunlit_lai=0.3221985947306622, shaded_lai=0.011134738602671224, leaf_N=2.5
DEBUG Photo step 1: net_assimilation=2.9180346479745176
DEBUG Biomass step 1: net_carbon=2.916 μmol/m²/s, leaf_area=0.0200 m², hourly_gain=0.018897 g/hr
DEBUG Photo step 2: light=1309.03, co2=1200.0, temp=27.0, lai=0.3333333333333334, water_stress=0.9895905598063834, sunlit_lai=0.3221985947306622, shaded_lai=0.011134738602671224, leaf_N=2.5
DEBUG Photo step 2: net_assimilation=3.014962100010386
DEBUG Biomass step 2: net_carbon=2.916 μmol/m²/s, leaf_area=0.0200 m², hourly_gain=0.018897 g/hr
Warning: Effective surface area 0.0 is below minimum 0.1, using minimum
Warning: Effective surface area 0.0 is below minimum 0.1, using minimum
Warning: Effective surface area 0.0 is below minimum 0.1, using minimum
Warning: Effective surface area 0.0 is below minimum 0.1, using minimum
Warning: Effective surface area 0.0 is below minimum 0.1, using minimum
Warning: Effective surface area 0.0 is below minimum 0.1, using minimum
Warning: Effective surface area 0.0 is below minimum 0.1, using minimum
Warning: Effective surface area 0.0 is below minimum 0.1, using minimum
Warning: Effective surface area 0.0 is below minimum 0.1, using minimum
Warning: Effective surface area 0.0 is below minimum 0.1, using minimum
Warning: Effective surface area 0.0 is below minimum 0.1, using minimum
Warning: Effective surface area 0.0 is below minimum 0.1, using minimum
Warning: Effective surface area 0.0 is below minimum 0.1, using minimum
Warning: Effective surface area 0.0 is below minimum 0.1, using minimum
Warning: Effective surface area 0.0 is below minimum 0.1, using minimum
Warning: Effective surface area 0.0 is below minimum 0.1, using minimum
DEBUG Photo step 3: light=1309.03, co2=1200.0, temp=27.0, lai=0.33531181809465777, water_stress=0.9892035917670735, sunlit_lai=0.32404612289569457, shaded_lai=0.0112656951989632, leaf_N=2.5
DEBUG Photo step 3: net_assimilation=3.032866683535256
DEBUG Biomass step 3: net_carbon=3.031 μmol/m²/s, leaf_area=0.0201 m², hourly_gain=0.019641 g/hr
DEBUG Photo step 4: light=1399.31, co2=1200.0, temp=25.7, lai=0.33531181809465777, water_stress=0.9892035917670735, sunlit_lai=0.32404612289569457, shaded_lai=0.0112656951989632, leaf_N=2.5
DEBUG Photo step 4: net_assimilation=0.0
DEBUG Biomass step 4: net_carbon=3.031 μmol/m²/s, leaf_area=0.0201 m², hourly_gain=0.019641 g/hr
Warning: Effective surface area 0.0 is below minimum 0.1, using minimum
Warning: Effective surface area 0.0 is below minimum 0.1, using minimum
Warning: Effective surface area 0.0 is below minimum 0.1, using minimum
Warning: Effective surface area 0.0 is below minimum 0.1, using minimum
Warning: Effective surface area 0.0 is below minimum 0.1, using minimum
Warning: Effective surface area 0.0 is below minimum 0.1, using minimum
Warning: Effective surface area 0.0 is below minimum 0.1, using minimum
Warning: Effective surface area 0.0 is below minimum 0.1, using minimum
Warning: Effective surface area 0.0 is below minimum 0.1, using minimum
Warning: Effective surface area 0.0 is below minimum 0.1, using minimum
Warning: Effective surface area 0.0 is below minimum 0.1, using minimum
Warning: Effective surface area 0.0 is below minimum 0.1, using minimum
Warning: Effective surface area 0.0 is below minimum 0.1, using minimum
Warning: Effective surface area 0.0 is below minimum 0.1, using minimum
Warning: Effective surface area 0.0 is below minimum 0.1, using minimum
Warning: Effective surface area 0.0 is below minimum 0.1, using minimum
Warning: Effective surface area 0.0 is below minimum 0.1, using minimum
Warning: Effective surface area 0.0 is below minimum 0.1, using minimum
Warning: Effective surface area 0.0 is below minimum 0.1, using minimum
Warning: Effective surface area 0.0 is below minimum 0.1, using minimum
Warning: Effective surface area 0.0 is below minimum 0.1, using minimum
Warning: Effective surface area 0.0 is below minimum 0.1, using minimum
Warning: Effective surface area 0.0 is below minimum 0.1, using minimum
Warning: Effective surface area 0.0 is below minimum 0.1, using minimum
Warning: Effective surface area 0.0 is below minimum 0.1, using minimum
Warning: Effective surface area 0.0 is below minimum 0.1, using minimum
Warning: Effective surface area 0.0 is below minimum 0.1, using minimum
Warning: Effective surface area 0.0 is below minimum 0.1, using minimum
Warning: Effective surface area 0.0 is below minimum 0.1, using minimum
Warning: Effective surface area 0.0 is below minimum 0.1, using minimum
Warning: Effective surface area 0.0 is below minimum 0.1, using minimum
Warning: Effective surface area 0.0 is below minimum 0.1, using minimum
Warning: Effective surface area 0.0 is below minimum 0.1, using minimum
Warning: Effective surface area 0.0 is below minimum 0.1, using minimum
Warning: Effective surface area 0.0 is below minimum 0.1, using minimum
Warning: Effective surface area 0.0 is below minimum 0.1, using minimum
Warning: Effective surface area 0.0 is below minimum 0.1, using minimum
Warning: Effective surface area 0.0 is below minimum 0.1, using minimum
Warning: Effective surface area 0.0 is below minimum 0.1, using minimum
Warning: Effective surface area 0.0 is below minimum 0.1, using minimum
Warning: Effective surface area 0.0 is below minimum 0.1, using minimum
Warning: Effective surface area 0.0 is below minimum 0.1, using minimum
Warning: Effective surface area 0.0 is below minimum 0.1, using minimum
Warning: Effective surface area 0.0 is below minimum 0.1, using minimum
Warning: Effective surface area 0.0 is below minimum 0.1, using minimum
Warning: Effective surface area 0.0 is below minimum 0.1, using minimum
Warning: Effective surface area 0.0 is below minimum 0.1, using minimum
Warning: Effective surface area 0.0 is below minimum 0.1, using minimum
Warning: Effective surface area 0.0 is below minimum 0.1, using minimum
Warning: Effective surface area 0.0 is below minimum 0.1, using minimum
Warning: Effective surface area 0.0 is below minimum 0.1, using minimum
Warning: Effective surface area 0.0 is below minimum 0.1, using minimum
Warning: Effective surface area 0.0 is below minimum 0.1, using minimum
Warning: Effective surface area 0.0 is below minimum 0.1, using minimum
Warning: Effective surface area 0.0 is below minimum 0.1, using minimum
Warning: Effective surface area 0.0 is below minimum 0.1, using minimum
Warning: Effective surface area 0.0 is below minimum 0.1, using minimum
Warning: Effective surface area 0.0 is below minimum 0.1, using minimum
Warning: Effective surface area 0.0 is below minimum 0.1, using minimum
Warning: Effective surface area 0.0 is below minimum 0.1, using minimum
Warning: Effective surface area 0.0 is below minimum 0.1, using minimum
Warning: Effective surface area 0.0 is below minimum 0.1, using minimum
Warning: Effective surface area 0.0 is below minimum 0.1, using minimum
Warning: Effective surface area 0.0 is below minimum 0.1, using minimum
Warning: Effective surface area 0.0 is below minimum 0.1, using minimum
Warning: Effective surface area 0.0 is below minimum 0.1, using minimum
Warning: Effective surface area 0.0 is below minimum 0.1, using minimum
Warning: Effective surface area 0.0 is below minimum 0.1, using minimum
Warning: Effective surface area 0.0 is below minimum 0.1, using minimum
Warning: Effective surface area 0.0 is below minimum 0.1, using minimum
Warning: Effective surface area 0.0 is below minimum 0.1, using minimum
Warning: Effective surface area 0.0 is below minimum 0.1, using minimum
Warning: Effective surface area 0.0 is below minimum 0.1, using minimum
Warning: Effective surface area 0.0 is below minimum 0.1, using minimum
Warning: Effective surface area 0.0 is below minimum 0.1, using minimum
Warning: Effective surface area 0.0 is below minimum 0.1, using minimum
Warning: Effective surface area 0.0 is below minimum 0.1, using minimum
Warning: Effective surface area 0.0 is below minimum 0.1, using minimum
Warning: Effective surface area 0.0 is below minimum 0.1, using minimum
Warning: Effective surface area 0.0 is below minimum 0.1, using minimum
Warning: Effective surface area 0.0 is below minimum 0.1, using minimum
Warning: Effective surface area 0.0 is below minimum 0.1, using minimum
Warning: Effective surface area 0.0 is below minimum 0.1, using minimum
Warning: Effective surface area 0.0 is below minimum 0.1, using minimum
Warning: Effective surface area 0.0 is below minimum 0.1, using minimum
Warning: Effective surface area 0.0 is below minimum 0.1, using minimum
Warning: Effective surface area 0.0 is below minimum 0.1, using minimum
Warning: Effective surface area 0.0 is below minimum 0.1, using minimum
Warning: Effective surface area 0.0 is below minimum 0.1, using minimum
Warning: Effective surface area 0.0 is below minimum 0.1, using minimum
Warning: Effective surface area 0.0 is below minimum 0.1, using minimum
Warning: Effective surface area 0.0 is below minimum 0.1, using minimum
Warning: Effective surface area 0.0 is below minimum 0.1, using minimum
Warning: Effective surface area 0.0 is below minimum 0.1, using minimum
Warning: Effective surface area 0.0 is below minimum 0.1, using minimum
Warning: Effective surface area 0.0 is below minimum 0.1, using minimum
Warning: Effective surface area 0.0 is below minimum 0.1, using minimum
Warning: Effective surface area 0.0 is below minimum 0.1, using minimum
Warning: Effective surface area 0.0 is below minimum 0.1, using minimum
Warning: Effective surface area 0.0 is below minimum 0.1, using minimum
Warning: Effective surface area 0.0 is below minimum 0.1, using minimum
Warning: Effective surface area 0.0 is below minimum 0.1, using minimum
Warning: Effective surface area 0.0 is below minimum 0.1, using minimum
Warning: Effective surface area 0.0 is below minimum 0.1, using minimum
Warning: Effective surface area 0.0 is below minimum 0.1, using minimum
Warning: Effective surface area 0.0 is below minimum 0.1, using minimum
Warning: Effective surface area 0.0 is below minimum 0.1, using minimum
Warning: Effective surface area 0.0 is below minimum 0.1, using minimum
Warning: Effective surface area 0.0 is below minimum 0.1, using minimum
Warning: Effective surface area 0.0 is below minimum 0.1, using minimum
Warning: Effective surface area 0.0 is below minimum 0.1, using minimum
Warning: Effective surface area 0.0 is below minimum 0.1, using minimum
Warning: Effective surface area 0.0 is below minimum 0.1, using minimum
Warning: Effective surface area 0.0 is below minimum 0.1, using minimum
Warning: Effective surface area 0.0 is below minimum 0.1, using minimum
Warning: Effective surface area 0.0 is below minimum 0.1, using minimum
Warning: Effective surface area 0.0 is below minimum 0.1, using minimum
Warning: Effective surface area 0.0 is below minimum 0.1, using minimum
Warning: Effective surface area 0.0 is below minimum 0.1, using minimum
Warning: Effective surface area 0.0 is below minimum 0.1, using minimum
Warning: Effective surface area 0.0 is below minimum 0.1, using minimum
Warning: Effective surface area 0.0 is below minimum 0.1, using minimum
Warning: Effective surface area 0.0 is below minimum 0.1, using minimum
Warning: Effective surface area 0.0 is below minimum 0.1, using minimum
Warning: Effective surface area 0.0 is below minimum 0.1, using minimum
Warning: Effective surface area 0.0 is below minimum 0.1, using minimum
Warning: Effective surface area 0.0 is below minimum 0.1, using minimum
Warning: Effective surface area 0.0 is below minimum 0.1, using minimum
Warning: Effective surface area 0.0 is below minimum 0.1, using minimum
Warning: Effective surface area 0.0 is below minimum 0.1, using minimum
Warning: Effective surface area 0.0 is below minimum 0.1, using minimum
Warning: Effective surface area 0.0 is below minimum 0.1, using minimum
Warning: Effective surface area 0.0 is below minimum 0.1, using minimum
Warning: Effective surface area 0.0 is below minimum 0.1, using minimum
Warning: Effective surface area 0.0 is below minimum 0.1, using minimum
Warning: Effective surface area 0.0 is below minimum 0.1, using minimum
Warning: Effective surface area 0.0 is below minimum 0.1, using minimum
Warning: Effective surface area 0.0 is below minimum 0.1, using minimum
Warning: Effective surface area 0.0 is below minimum 0.1, using minimum
Warning: Effective surface area 0.0 is below minimum 0.1, using minimum
Warning: Effective surface area 0.0 is below minimum 0.1, using minimum
Warning: Effective surface area 0.0 is below minimum 0.1, using minimum
Warning: Effective surface area 0.0 is below minimum 0.1, using minimum
Warning: Effective surface area 0.0 is below minimum 0.1, using minimum
Warning: Effective surface area 0.0 is below minimum 0.1, using minimum
Warning: Effective surface area 0.0 is below minimum 0.1, using minimum
Warning: Effective surface area 0.0 is below minimum 0.1, using minimum
Warning: Effective surface area 0.0 is below minimum 0.1, using minimum
Warning: Effective surface area 0.0 is below minimum 0.1, using minimum
Warning: Effective surface area 0.0 is below minimum 0.1, using minimum
Warning: Effective surface area 0.0 is below minimum 0.1, using minimum
Warning: Effective surface area 0.0 is below minimum 0.1, using minimum
Warning: Effective surface area 0.0 is below minimum 0.1, using minimum
Warning: Effective surface area 0.0 is below minimum 0.1, using minimum
Warning: Effective surface area 0.0 is below minimum 0.1, using minimum
Warning: Effective surface area 0.0 is below minimum 0.1, using minimum
Warning: Effective surface area 0.0 is below minimum 0.1, using minimum
Warning: Effective surface area 0.0 is below minimum 0.1, using minimum
Warning: Effective surface area 0.0 is below minimum 0.1, using minimum
Warning: Effective surface area 0.0 is below minimum 0.1, using minimum
Warning: Effective surface area 0.0 is below minimum 0.1, using minimum
Warning: Effective surface area 0.0 is below minimum 0.1, using minimum
Warning: Effective surface area 0.0 is below minimum 0.1, using minimum
Warning: Effective surface area 0.0 is below minimum 0.1, using minimum
Warning: Effective surface area 0.0 is below minimum 0.1, using minimum
Warning: Effective surface area 0.0 is below minimum 0.1, using minimum
Warning: Effective surface area 0.0 is below minimum 0.1, using minimum
Warning: Effective surface area 0.0 is below minimum 0.1, using minimum
Warning: Effective surface area 0.0 is below minimum 0.1, using minimum
Warning: Effective surface area 0.0 is below minimum 0.1, using minimum
Warning: Effective surface area 0.0 is below minimum 0.1, using minimum
Warning: Effective surface area 0.0 is below minimum 0.1, using minimum
Warning: Effective surface area 0.0 is below minimum 0.1, using minimum
Warning: Effective surface area 0.0 is below minimum 0.1, using minimum
Warning: Effective surface area 0.0 is below minimum 0.1, using minimum
Warning: Effective surface area 0.0 is below minimum 0.1, using minimum
Warning: Effective surface area 0.0 is below minimum 0.1, using minimum
Warning: Effective surface area 0.0 is below minimum 0.1, using minimum
Warning: Effective surface area 0.0 is below minimum 0.1, using minimum
Warning: Effective surface area 0.0 is below minimum 0.1, using minimum
Warning: Effective surface area 0.0 is below minimum 0.1, using minimum
Warning: Effective surface area 0.0 is below minimum 0.1, using minimum
Warning: Effective surface area 0.0 is below minimum 0.1, using minimum
Warning: Effective surface area 0.0 is below minimum 0.1, using minimum
Warning: Effective surface area 0.0 is below minimum 0.1, using minimum
Warning: Effective surface area 0.0 is below minimum 0.1, using minimum
Warning: Effective surface area 0.0 is below minimum 0.1, using minimum
Warning: Effective surface area 0.0 is below minimum 0.1, using minimum
Warning: Effective surface area 0.0 is below minimum 0.1, using minimum
Warning: Effective surface area 0.0 is below minimum 0.1, using minimum
Warning: Effective surface area 0.0 is below minimum 0.1, using minimum
Warning: Effective surface area 0.0 is below minimum 0.1, using minimum
Warning: Effective surface area 0.0 is below minimum 0.1, using minimum
Warning: Effective surface area 0.0 is below minimum 0.1, using minimum
Warning: Effective surface area 0.0 is below minimum 0.1, using minimum
Warning: Effective surface area 0.0 is below minimum 0.1, using minimum
Warning: Effective surface area 0.0 is below minimum 0.1, using minimum
Warning: Effective surface area 0.0 is below minimum 0.1, using minimum
Warning: Effective surface area 0.0 is below minimum 0.1, using minimum
Warning: Effective surface area 0.0 is below minimum 0.1, using minimum
Warning: Effective surface area 0.0 is below minimum 0.1, using minimum
Warning: Effective surface area 0.0 is below minimum 0.1, using minimum
Warning: Effective surface area 0.0 is below minimum 0.1, using minimum
Warning: Effective surface area 0.0 is below minimum 0.1, using minimum
Warning: Effective surface area 0.0 is below minimum 0.1, using minimum
Warning: Effective surface area 0.0 is below minimum 0.1, using minimum
Warning: Effective surface area 0.0 is below minimum 0.1, using minimum
Warning: Effective surface area 0.0 is below minimum 0.1, using minimum
Warning: Effective surface area 0.0 is below minimum 0.1, using minimum
Warning: Effective surface area 0.0 is below minimum 0.1, using minimum
Warning: Effective surface area 0.0 is below minimum 0.1, using minimum
Warning: Effective surface area 0.0 is below minimum 0.1, using minimum
Warning: Effective surface area 0.0 is below minimum 0.1, using minimum
Warning: Effective surface area 0.0 is below minimum 0.1, using minimum
Warning: Effective surface area 0.0 is below minimum 0.1, using minimum
Warning: Effective surface area 0.0 is below minimum 0.1, using minimum
Warning: Effective surface area 0.0 is below minimum 0.1, using minimum
Warning: Effective surface area 0.0 is below minimum 0.1, using minimum
Warning: Effective surface area 0.0 is below minimum 0.1, using minimum
Warning: Effective surface area 0.0 is below minimum 0.1, using minimum
Warning: Effective surface area 0.0 is below minimum 0.1, using minimum
Warning: Effective surface area 0.0 is below minimum 0.1, using minimum
Warning: Effective surface area 0.0 is below minimum 0.1, using minimum
Warning: Effective surface area 0.0 is below minimum 0.1, using minimum
Warning: Effective surface area 0.0 is below minimum 0.1, using minimum
Warning: Effective surface area 0.0 is below minimum 0.1, using minimum
Warning: Effective surface area 0.0 is below minimum 0.1, using minimum
Warning: Effective surface area 0.0 is below minimum 0.1, using minimum
Warning: Effective surface area 0.0 is below minimum 0.1, using minimum
Warning: Effective surface area 0.0 is below minimum 0.1, using minimum
Warning: Effective surface area 0.0 is below minimum 0.1, using minimum
Warning: Effective surface area 0.0 is below minimum 0.1, using minimum
Warning: Effective surface area 0.0 is below minimum 0.1, using minimum
Warning: Effective surface area 0.0 is below minimum 0.1, using minimum
Warning: Effective surface area 0.0 is below minimum 0.1, using minimum
Warning: Effective surface area 0.0 is below minimum 0.1, using minimum
Warning: Effective surface area 0.0 is below minimum 0.1, using minimum
Warning: Effective surface area 0.0 is below minimum 0.1, using minimum
Warning: Effective surface area 0.0 is below minimum 0.1, using minimum
Warning: Effective surface area 0.0 is below minimum 0.1, using minimum
Warning: Effective surface area 0.0 is below minimum 0.1, using minimum
Warning: Effective surface area 0.0 is below minimum 0.1, using minimum
Warning: Effective surface area 0.0 is below minimum 0.1, using minimum
Warning: Effective surface area 0.0 is below minimum 0.1, using minimum
Warning: Effective surface area 0.0 is below minimum 0.1, using minimum
Warning: Effective surface area 0.0 is below minimum 0.1, using minimum
Warning: Effective surface area 0.0 is below minimum 0.1, using minimum
Warning: Effective surface area 0.0 is below minimum 0.1, using minimum
Warning: Effective surface area 0.0 is below minimum 0.1, using minimum
Warning: Effective surface area 0.0 is below minimum 0.1, using minimum
Warning: Effective surface area 0.0 is below minimum 0.1, using minimum
Warning: Effective surface area 0.0 is below minimum 0.1, using minimum
Warning: Effective surface area 0.0 is below minimum 0.1, using minimum
Warning: Effective surface area 0.0 is below minimum 0.1, using minimum
Warning: Effective surface area 0.0 is below minimum 0.1, using minimum
Warning: Effective surface area 0.0 is below minimum 0.1, using minimum
Warning: Effective surface area 0.0 is below minimum 0.1, using minimum
Warning: Effective surface area 0.0 is below minimum 0.1, using minimum
Warning: Effective surface area 0.0 is below minimum 0.1, using minimum
Warning: Effective surface area 0.0 is below minimum 0.1, using minimum
Warning: Effective surface area 0.0 is below minimum 0.1, using minimum
Warning: Effective surface area 0.0 is below minimum 0.1, using minimum
Warning: Effective surface area 0.0 is below minimum 0.1, using minimum
Warning: Effective surface area 0.0 is below minimum 0.1, using minimum
Warning: Effective surface area 0.0 is below minimum 0.1, using minimum
Warning: Effective surface area 0.0 is below minimum 0.1, using minimum
Warning: Effective surface area 0.0 is below minimum 0.1, using minimum
Warning: Effective surface area 0.0 is below minimum 0.1, using minimum
Warning: Effective surface area 0.0 is below minimum 0.1, using minimum
Warning: Effective surface area 0.0 is below minimum 0.1, using minimum
Warning: Effective surface area 0.0 is below minimum 0.1, using minimum
Warning: Effective surface area 0.0 is below minimum 0.1, using minimum
Warning: Effective surface area 0.0 is below minimum 0.1, using minimum
Warning: Effective surface area 0.0 is below minimum 0.1, using minimum
Warning: Effective surface area 0.0 is below minimum 0.1, using minimum
Warning: Effective surface area 0.0 is below minimum 0.1, using minimum
Warning: Effective surface area 0.0 is below minimum 0.1, using minimum
Warning: Effective surface area 0.0 is below minimum 0.1, using minimum
Warning: Effective surface area 0.0 is below minimum 0.1, using minimum
Warning: Effective surface area 0.0 is below minimum 0.1, using minimum
Warning: Effective surface area 0.0 is below minimum 0.1, using minimum
Warning: Effective surface area 0.0 is below minimum 0.1, using minimum
Warning: Effective surface area 0.0 is below minimum 0.1, using minimum
Warning: Effective surface area 0.0 is below minimum 0.1, using minimum
Warning: Effective surface area 0.0 is below minimum 0.1, using minimum
Warning: Effective surface area 0.0 is below minimum 0.1, using minimum
Warning: Effective surface area 0.0 is below minimum 0.1, using minimum
Warning: Effective surface area 0.0 is below minimum 0.1, using minimum
Warning: Effective surface area 0.0 is below minimum 0.1, using minimum
Warning: Effective surface area 0.0 is below minimum 0.1, using minimum
Warning: Effective surface area 0.0 is below minimum 0.1, using minimum
Warning: Effective surface area 0.0 is below minimum 0.1, using minimum
Warning: Effective surface area 0.0 is below minimum 0.1, using minimum
Warning: Effective surface area 0.0 is below minimum 0.1, using minimum
Warning: Effective surface area 0.0 is below minimum 0.1, using minimum
Warning: Effective surface area 0.0 is below minimum 0.1, using minimum
Warning: Effective surface area 0.0 is below minimum 0.1, using minimum
Warning: Effective surface area 0.0 is below minimum 0.1, using minimum
Warning: Effective surface area 0.0 is below minimum 0.1, using minimum
Warning: Effective surface area 0.0 is below minimum 0.1, using minimum
Warning: Effective surface area 0.0 is below minimum 0.1, using minimum
Warning: Effective surface area 0.0 is below minimum 0.1, using minimum
Warning: Effective surface area 0.0 is below minimum 0.1, using minimum
Warning: Effective surface area 0.0 is below minimum 0.1, using minimum
Warning: Effective surface area 0.0 is below minimum 0.1, using minimum
Warning: Effective surface area 0.0 is below minimum 0.1, using minimum
Warning: Effective surface area 0.0 is below minimum 0.1, using minimum
Warning: Effective surface area 0.0 is below minimum 0.1, using minimum
Warning: Effective surface area 0.0 is below minimum 0.1, using minimum
Warning: Effective surface area 0.0 is below minimum 0.1, using minimum
Warning: Effective surface area 0.0 is below minimum 0.1, using minimum
Warning: Effective surface area 0.0 is below minimum 0.1, using minimum
Warning: Effective surface area 0.0 is below minimum 0.1, using minimum
Warning: Effective surface area 0.0 is below minimum 0.1, using minimum
Warning: Effective surface area 0.0 is below minimum 0.1, using minimum
Warning: Effective surface area 0.0 is below minimum 0.1, using minimum
Warning: Effective surface area 0.0 is below minimum 0.1, using minimum
Warning: Effective surface area 0.0 is below minimum 0.1, using minimum
Warning: Effective surface area 0.0 is below minimum 0.1, using minimum
Warning: Effective surface area 0.0 is below minimum 0.1, using minimum
Warning: Effective surface area 0.0 is below minimum 0.1, using minimum
Warning: Effective surface area 0.0 is below minimum 0.1, using minimum
Warning: Effective surface area 0.0 is below minimum 0.1, using minimum
Warning: Effective surface area 0.0 is below minimum 0.1, using minimum
Warning: Effective surface area 0.0 is below minimum 0.1, using minimum
Warning: Effective surface area 0.0 is below minimum 0.1, using minimum
Warning: Effective surface area 0.0 is below minimum 0.1, using minimum
Warning: Effective surface area 0.0 is below minimum 0.1, using minimum
Warning: Effective surface area 0.0 is below minimum 0.1, using minimum
Warning: Effective surface area 0.0 is below minimum 0.1, using minimum
Warning: Effective surface area 0.0 is below minimum 0.1, using minimum
Warning: Effective surface area 0.0 is below minimum 0.1, using minimum
Warning: Effective surface area 0.0 is below minimum 0.1, using minimum
Warning: Effective surface area 0.0 is below minimum 0.1, using minimum
Warning: Effective surface area 0.0 is below minimum 0.1, using minimum
Warning: Effective surface area 0.0 is below minimum 0.1, using minimum
Warning: Effective surface area 0.0 is below minimum 0.1, using minimum
Warning: Effective surface area 0.0 is below minimum 0.1, using minimum
Warning: Effective surface area 0.0 is below minimum 0.1, using minimum
Warning: Effective surface area 0.0 is below minimum 0.1, using minimum
Warning: Effective surface area 0.0 is below minimum 0.1, using minimum
Warning: Effective surface area 0.0 is below minimum 0.1, using minimum
Warning: Effective surface area 0.0 is below minimum 0.1, using minimum
Warning: Effective surface area 0.0 is below minimum 0.1, using minimum
Warning: Effective surface area 0.0 is below minimum 0.1, using minimum
Warning: Effective surface area 0.0 is below minimum 0.1, using minimum
Warning: Effective surface area 0.0 is below minimum 0.1, using minimum
Warning: Effective surface area 0.0 is below minimum 0.1, using minimum
Warning: Effective surface area 0.0 is below minimum 0.1, using minimum
Warning: Effective surface area 0.0 is below minimum 0.1, using minimum
Warning: Effective surface area 0.0 is below minimum 0.1, using minimum
Warning: Effective surface area 0.0 is below minimum 0.1, using minimum
Day 24: 26.1% complete
Warning: Effective surface area 0.0 is below minimum 0.1, using minimum
Warning: Effective surface area 0.0 is below minimum 0.1, using minimum
Warning: Effective surface area 0.0 is below minimum 0.1, using minimum
Warning: Effective surface area 0.0 is below minimum 0.1, using minimum
Warning: Effective surface area 0.0 is below minimum 0.1, using minimum
Warning: Effective surface area 0.0 is below minimum 0.1, using minimum
Warning: Effective surface area 0.0 is below minimum 0.1, using minimum
Warning: Effective surface area 0.0 is below minimum 0.1, using minimum
Warning: Effective surface area 0.0 is below minimum 0.1, using minimum
Warning: Effective surface area 0.0 is below minimum 0.1, using minimum
Warning: Effective surface area 0.0 is below minimum 0.1, using minimum
Warning: Effective surface area 0.0 is below minimum 0.1, using minimum
Warning: Effective surface area 0.0 is below minimum 0.1, using minimum
Warning: Effective surface area 0.0 is below minimum 0.1, using minimum
Warning: Effective surface area 0.0 is below minimum 0.1, using minimum
Warning: Effective surface area 0.0 is below minimum 0.1, using minimum
Warning: Effective surface area 0.0 is below minimum 0.1, using minimum
Warning: Effective surface area 0.0 is below minimum 0.1, using minimum
Warning: Effective surface area 0.0 is below minimum 0.1, using minimum
Warning: Effective surface area 0.0 is below minimum 0.1, using minimum
Warning: Effective surface area 0.0 is below minimum 0.1, using minimum
Warning: Effective surface area 0.0 is below minimum 0.1, using minimum
Warning: Effective surface area 0.0 is below minimum 0.1, using minimum
Warning: Effective surface area 0.0 is below minimum 0.1, using minimum
Warning: Effective surface area 0.0 is below minimum 0.1, using minimum
Warning: Effective surface area 0.0 is below minimum 0.1, using minimum
Warning: Effective surface area 0.0 is below minimum 0.1, using minimum
Warning: Effective surface area 0.0 is below minimum 0.1, using minimum
Warning: Effective surface area 0.0 is below minimum 0.1, using minimum
Warning: Effective surface area 0.0 is below minimum 0.1, using minimum
Warning: Effective surface area 0.0 is below minimum 0.1, using minimum
Warning: Effective surface area 0.0 is below minimum 0.1, using minimum
Warning: Effective surface area 0.0 is below minimum 0.1, using minimum
Warning: Effective surface area 0.0 is below minimum 0.1, using minimum
Warning: Effective surface area 0.0 is below minimum 0.1, using minimum
Warning: Effective surface area 0.0 is below minimum 0.1, using minimum
Warning: Effective surface area 0.0 is below minimum 0.1, using minimum
Warning: Effective surface area 0.0 is below minimum 0.1, using minimum
Warning: Effective surface area 0.0 is below minimum 0.1, using minimum
Warning: Effective surface area 0.0 is below minimum 0.1, using minimum
Warning: Effective surface area 0.0 is below minimum 0.1, using minimum
Warning: Effective surface area 0.0 is below minimum 0.1, using minimum
Warning: Effective surface area 0.0 is below minimum 0.1, using minimum
Warning: Effective surface area 0.0 is below minimum 0.1, using minimum
Warning: Effective surface area 0.0 is below minimum 0.1, using minimum
Warning: Effective surface area 0.0 is below minimum 0.1, using minimum
Warning: Effective surface area 0.0 is below minimum 0.1, using minimum
Warning: Effective surface area 0.0 is below minimum 0.1, using minimum
Harvest maturity reached! Current stage: LettuceGrowthStage.HARVEST_MATURITY on day 27
Harvest maturity reached on day 27, hour 0
Simulation completed: 27 steps in 0:00:05.724697
Photosynthesis simulator: Simulation ended after 54 steps
Final net assimilation rate: 3.343 μmol CO2/m²/s
Final gross photosynthesis rate: 3.678 μmol CO2/m²/s
Final light use efficiency: 0.003
Final CO2 uptake rate: 3.343 μmol CO2/m²/s
Total carbon gained: 523920.30 g C
Respiration simulator: Simulation ended after 54 steps
Total respiration: 356.07 g C
Biomass allocation simulator: Simulation ended after 54 steps
Total biomass: 2.24 g DM
Leaf biomass: 1.02 g DM
Stem biomass: 0.37 g DM
Root biomass: 0.84 g DM
Phenology simulator: Simulation ended after 54 steps
Final growth stage: LettuceGrowthStage.HARVEST_MATURITY
Total thermal time: 998.84 °C days
Development index: 0.999
Final bolting risk: 0.020
Stress models simulator: Simulation ended after 54 steps
Final integrated stress: 0.000
Final stress severity: SEVERE
Total cumulative stress: 190800.00
Final acclimation level: 0.000
Final damage level: 0.000
Water uptake simulator: Simulation ended after 54 steps
Total water uptake: 26461.17 L
Total transpiration: 330.83 L
Final water availability: 0.982
Final crop coefficient: 0.335
Nutrient models simulator: Simulation ended after 54 steps
Final solution EC: 2.00 mS/cm
Final solution pH: 6.00
N-NO3: 0.00 mg/L, Total uptake: 0.00 mg
N-NH4: 0.00 mg/L, Total uptake: 0.00 mg
P-PO4: 0.00 mg/L, Total uptake: 0.00 mg
K: 0.00 mg/L, Total uptake: 0.00 mg
Ca: 0.00 mg/L, Total uptake: 0.00 mg
Mg: 0.00 mg/L, Total uptake: 0.00 mg
S-SO4: 0.00 mg/L, Total uptake: 0.00 mg
Fe: 0.00 mg/L, Total uptake: 0.00 mg
Mn: 0.00 mg/L, Total uptake: 0.00 mg
Zn: 0.00 mg/L, Total uptake: 0.00 mg
Cu: 0.00 mg/L, Total uptake: 0.00 mg
B: 0.00 mg/L, Total uptake: 0.00 mg
Mo: 0.00 mg/L, Total uptake: 0.00 mg
Canopy architecture simulator: Simulation ended after 54 steps
Final LAI: 0.422
Final canopy height: 0.01 cm
Final ground coverage: 0.224
Final light interception efficiency: 0.286
Total light interception: 57793254.68 MJ/m²
Root system simulator: Simulation ended after 54 steps
Final root depth: 0.05 cm
Final root biomass: 0.44 g DM
Final root length: 0.00 cm
Final root surface area: 0.00 cm²
Final root density: 0.000 g/cm³
Total root growth: 0.00 cm
Genetic parameters simulator: Simulation ended after 54 steps
Cultivar: Boston Bibb (butterhead)
Final adaptation index: 0.000
Final performance index: 0.000
Total genetic response: 133560.000
Final trait expressions:
  growth_rate: 0.500
  leaf_size: 0.500
  yield_potential: 0.500
  disease_resistance: 0.500
  heat_tolerance: 0.500
  cold_tolerance: 0.500
  bolting_tolerance: 0.500
  chlorophyll_content: 0.500
  root_development: 0.500
  plant_architecture: 0.500
  GeneticTrait.GROWTH_RATE: 0.700
Leaf development simulator: Simulation ended after 53 steps
Final total leaves: 0
Final leaf area: 0.00 cm²
Final leaf weight: 0.00 g
Nitrogen balance simulator: Simulation ended after 54 steps
Final total nitrogen uptake: 0.00 g
Final nitrogen use efficiency: 1.000
Final nitrogen stress index: 0.542
Final luxury uptake factor: 1.000
Total nitrogen uptake: 0.00 g
Final nitrogen allocation:
Final nitrogen pools:
Senescence simulator: Simulation ended after 54 steps
Final total senescence rate: 0.094
Final age senescence rate: 0.028
Final stress senescence rate: 0.047
Final developmental senescence rate: 0.019
Final total remobilization rate: 0.000
Final recovery rate: 0.010
Total senescence: 0.00
Total remobilization: 0.00
Final senescence stage distribution:
  healthy: 0 leaves
  early_senescence: 0 leaves
  active_senescence: 0 leaves
  late_senescence: 0 leaves
  dead: 1 leaves
Final senescence type distribution:
  water_stress: 1.000
  temperature_stress: 1.000
  light_stress: 1.000
Combined results exported to: output/simulation_results.csv

Exported 13 individual simulator files:
  - biomass_allocation.csv
  - canopy_architecture.csv
  - genetic_parameters.csv
  - leaf_development.csv
  - nitrogen_balance.csv
  - nutrient_models.csv
  - phenology.csv
  - photosynthesis.csv
  - respiration.csv
  - root_system.csv
  - senescence.csv
  - stress_models.csv
  - water_uptake.csv

============================================================
SIMULATION PERFORMANCE METRICS
============================================================
Total simulation time: 5.72 seconds
Steps per second: 4.72
Total steps executed: 27
Simulators registered: 13
Data points collected: 26

Per-Simulator Performance:

Message Bus Status:
  Queue size: 0
  Event handlers: 58
  Registered simulators: 14

Simulation completed successfully!
Results saved to: output/simulation_results.csv

Final system status:
  Total simulators: 13
  Total steps: 27
Cleaning up distributed simulation system...
Unregistered simulator: photosynthesis_simulator
Unregistered simulator: respiration_simulator
Unregistered simulator: biomass_allocation_simulator
Unregistered simulator: phenology_simulator
Unregistered simulator: stress_models
Unregistered simulator: water_uptake_simulator
Unregistered simulator: nutrient_models_simulator
Unregistered simulator: canopy_architecture_simulator
Unregistered simulator: root_system_simulator
Unregistered simulator: genetic_parameters_simulator
Unregistered simulator: leaf_development_simulator
Unregistered simulator: nitrogen_balance_simulator
Unregistered simulator: senescence_simulator
Simulation terminated
Photosynthesis simulator: Terminating
Respiration simulator: Terminating
Biomass allocation simulator: Terminating
Phenology simulator: Terminating
Stress models simulator: Terminating
Water uptake simulator: Terminating
Nutrient models simulator: Terminating
Canopy architecture simulator: Terminating
Root system simulator: Terminating
Genetic parameters simulator: Terminating
Leaf development simulator: Terminating
Nitrogen balance simulator: Terminating
Senescence simulator: Terminating
Simulation message bus stopped
Unregistered simulator: orchestrator
Cleanup completed
