MainWindow: Application directory: "/Users/kapilbhattarai/hydroponic_python/qt_ui/build"
MainWindow: Current working directory: "/Users/kapilbhattarai/hydroponic_python/qt_ui/build"
MainWindow: Trying input directory: "/Users/kapilbhattarai/hydroponic_python/qt_ui/build/../../input" -> canonical: "/Users/kapilbhattarai/hydroponic_python/input"
MainWindow: Found input directory with CSV files: "/Users/kapilbhattarai/hydroponic_python/input"
TimeSeriesPlotWidget: Chart view created with size: QSize(640, 480)
TimeSeriesPlotWidget: Chart created and set to chart view
TimeSeriesPlotWidget: Chart view has chart: true
MainWindow: Found 33 checkboxes in treatment layout
MainWindow: Checked checkbox - objectName: "Varieties_LET_EXP001_2024" parts: QList("Varieties", "LET", "EXP001", "2024")
MainWindow: Adding treatment - category: "Varieties" value: "LET_EXP001_2024"
MainWindow: Checked checkbox - objectName: "Varieties_LET_EXP002_2024" parts: QList("Varieties", "LET", "EXP002", "2024")
MainWindow: Adding treatment - category: "Varieties" value: "LET_EXP002_2024"
MainWindow: Checked checkbox - objectName: "Temperature_23" parts: QList("Temperature", "23")
MainWindow: Adding treatment - category: "Temperature" value: "23"
MainWindow: Checked checkbox - objectName: "Temperature_26" parts: QList("Temperature", "26")
MainWindow: Adding treatment - category: "Temperature" value: "26"
MainWindow: Checked checkbox - objectName: "RootZoneTemp_20" parts: QList("RootZoneTemp", "20")
MainWindow: Adding treatment - category: "RootZoneTemp" value: "20"
MainWindow: Checked checkbox - objectName: "RootZoneTemp_22" parts: QList("RootZoneTemp", "22")
MainWindow: Adding treatment - category: "RootZoneTemp" value: "22"
MainWindow: Checked checkbox - objectName: "Nitrogen_200" parts: QList("Nitrogen", "200")
MainWindow: Adding treatment - category: "Nitrogen" value: "200"
MainWindow: Checked checkbox - objectName: "pH_6.0" parts: QList("pH", "6.0")
MainWindow: Adding treatment - category: "pH" value: "6.0"
MainWindow: Checked checkbox - objectName: "Light_16" parts: QList("Light", "16")
MainWindow: Adding treatment - category: "Light" value: "16"
MainWindow: Checked checkbox - objectName: "CO2_1200" parts: QList("CO2", "1200")
MainWindow: Adding treatment - category: "CO2" value: "1200"
MainWindow: Checked checkbox - objectName: "EC_1.5" parts: QList("EC", "1.5")
MainWindow: Adding treatment - category: "EC" value: "1.5"
MainWindow: Checked checkbox - objectName: "EC_1.8" parts: QList("EC", "1.8")
MainWindow: Adding treatment - category: "EC" value: "1.8"
MainWindow: Final treatments map: QMap(("CO2", QList("1200"))("EC", QList("1.5", "1.8"))("Light", QList("16"))("Nitrogen", QList("200"))("RootZoneTemp", QList("20", "22"))("Temperature", QList("23", "26"))("Varieties", QList("LET_EXP001_2024", "LET_EXP002_2024"))("pH", QList("6.0")))
qt.qpa.fonts: Populating font family aliases took 122 ms. Replace uses of missing font family "Monospace" with one that exists to avoid this cost. 
